---
source: crates/xre-engine/tests/raycaster_golden.rs
expression: render_ascii(false)
---
11111111111111111111111111rOhMMMMMMMMMMMMMMMMMMMMMMMMMMMhOc1
11111111111111111111111/OhMMMMMMMMMMMMMMMMMMMMMMMMMMMMMMMMMM
))))))))))))))))))))/JhMMMMMMMMMMMMMMMMMMMMMMMMMMMMMMMMMMMMM
)))))))))))))))))tzpMMMMMMMMMMMMMMMMMMMMMMMMMMMMMMMMMMMMMMMM
(((((((((((((((zOMMMMMMMMMMMMMMMMMMMMMMMMMMMMMMMMMMMMMMMMMMM
((((((((((((fZaMMMMMMMMMMMMMMMMMMMMMMMMMMMMMMMMMMMMMMMMMMMMM
||||||||||XaMMMMMMMMMMMMMMMMMMMMMMMMMMMMMMMMMMMMMMMMMMMMMMMM
|||||||jZMMMMMMMMMMMMMMMMMMMMMMMMMMMMMMMMMMMMMMMMMMMMMMMMMMM
\\\\\YaMMMMMMMMMMMMMMMMMMMMMMMMMMMMMMMMMMMMMMMMMMMMMMMMMMMMM
\\rLaMMMMMMMMMMMMMMMMMMMMMMMMMMMMMMMMMMMMMMMMMMMMMMMMMMMMMMM
LLMMMMMMMMMMMMMMMMMMMMMMMMMMMMMMMMMMMMMMMMMMMMMMMMMMMMMMMMMM
MMMMMMMMMMMMMMMMMMMMMMMMMMMMMMMMMMMMMMMMMMMMMMMMMMMMMMMMMMMM
MMMMMMMMMMMMMMMMMMMMMMMMMMMMMMMMMMMMMMMMMMMMMMMMMMMMMMMMMMMM
MMMMMMMMMMMMMMMMMMMMMMMMMMMMMMMMMMMMMMMMMMMMMMMMMMMMMMMMMMMM
MMMMMMMMMMMMMMMMMMMMMMMMMMMMMMMMMMMMMMMMMMMMMMMMMMMMMMMMMMMM
MMMMMMMMMMMMMMMMMMMMMMMMMMMMMMMMMMMMMMMMMMMMMMMMMMMMMMMMMMMM
ffwMMMMMMMMMMMMMMMMMMMMMMMMMMMMMMMMMMMMMMMMMMMMMMMMMMMMMMMMM
jjjuwMMMMMMMMMMMMMMMMMMMMMMMMMMMMMMMMMMMMMMMMMMMMMMMMMMMMMMM
rrrrrrCoMMMMMMMMMMMMMMMMMMMMMMMMMMMMMMMMMMMMMMMMMMMMMMMMMMMM
nnnnnnnnUqMMMMMMMMMMMMMMMMMMMMMMMMMMMMMMMMMMMMMMMMMMMMMMMMMM
uuuuuuuuuuzQoMMMMMMMMMMMMMMMMMMMMMMMMMMMMMMMMMMMMMMMMMMMMMMM
vvvvvvvvvvvvvXpoMMMMMMMMMMMMMMMMMMMMMMMMMMMMMMMMMMMMMMMMMMMM
zzzzzzzzzzzzzzzzOpMMMMMMMMMMMMMMMMMMMMMMMMMMMMMMMMMMMMMMMMMM
XXXXXXXXXXXXXXXXXXJOhMMMMMMMMMMMMMMMMMMMMMMMMMMMMMMMMMMMMMMM
