---
source: crates/xre-render/tests/golden_frames.rs
expression: "render_to_text(&Mesh::cube(), ShadeMode::PerSample)"
---
                                        
                                        
                                        
                                        
                                        
                                        
                                        
                 ,?(?>>                 
              ;t00wwwwOYn               
              _rrrrrc\)))               
               rrrrrr))))               
               /rrrrr))[i               
                ^;_)/-I
